interactions:
- request:
    body: !!python/unicode 'type=card&card%5Bnumber%5D=4000000000000069&card%5Bexp_year%5D=2040&card%5Bcvc%5D=123&card%5Bexp_month%5D=12'
    headers:
      Accept: ['*/*']
      Accept-Encoding: ['gzip, deflate']
      Connection: [keep-alive]
      Content-Length: ['108']
      Content-Type: [application/x-www-form-urlencoded]
      User-Agent: [Stripe/v1 PythonBindings/1.80.0]
      X-Stripe-Client-User-Agent: ['{"lang": "python", "publisher": "stripe", "httplib":
          "requests", "uname": "Linux 82fb5178e632 4.4.0-119-generic #143-Ubuntu SMP
          Mon Apr 2 16:08:24 UTC 2018 x86_64 x86_64", "lang_version": "2.7.12", "platform":
          "Linux-4.4.0-119-generic-x86_64-with-Ubuntu-16.04-xenial", "bindings_version":
          "1.80.0"}']
    method: POST
    uri: https://api.stripe.com/v1/sources
  response:
    body: {string: !!python/unicode "{\n  \"id\": \"src_1CMABFE60z0O0voXzYdJIiA5\"\
        ,\n  \"object\": \"source\",\n  \"amount\": null,\n  \"card\": {\n    \"exp_year\"\
        : 2040,\n    \"exp_month\": 12,\n    \"brand\": \"Visa\",\n    \"card_automatically_updated\"\
        : false,\n    \"country\": \"US\",\n    \"cvc_check\": \"unchecked\",\n  \
        \  \"fingerprint\": \"ClxQOxt3gt3CzLGA\",\n    \"funding\": \"credit\",\n\
        \    \"last4\": \"0069\",\n    \"three_d_secure\": \"optional\",\n    \"address_line1_check\"\
        : null,\n    \"address_zip_check\": null,\n    \"tokenization_method\": null,\n\
        \    \"dynamic_last4\": null\n  },\n  \"client_secret\": \"src_client_secret_Clha0NUAwX7qG5IIqNGG98cE\"\
        ,\n  \"created\": 1524987765,\n  \"currency\": null,\n  \"flow\": \"none\"\
        ,\n  \"livemode\": false,\n  \"metadata\": {},\n  \"owner\": {\n    \"address\"\
        : null,\n    \"email\": null,\n    \"name\": null,\n    \"phone\": null,\n\
        \    \"verified_address\": null,\n    \"verified_email\": null,\n    \"verified_name\"\
        : null,\n    \"verified_phone\": null\n  },\n  \"statement_descriptor\": null,\n\
        \  \"status\": \"chargeable\",\n  \"type\": \"card\",\n  \"usage\": \"reusable\"\
        \n}\n"}
    headers:
      access-control-allow-credentials: ['true']
      access-control-allow-methods: ['GET, POST, HEAD, OPTIONS, DELETE']
      access-control-allow-origin: ['*']
      access-control-expose-headers: ['Request-Id, Stripe-Manage-Version, X-Stripe-External-Auth-Required,
          X-Stripe-Privileged-Session-Required']
      access-control-max-age: ['300']
      cache-control: ['no-cache, no-store']
      connection: [keep-alive]
      content-length: ['971']
      content-type: [application/json]
      date: ['Sun, 29 Apr 2018 07:42:45 GMT']
      request-id: [req_7xZK5qv9U4BO9m]
      server: [nginx]
      strict-transport-security: [max-age=31556926; includeSubDomains; preload]
      stripe-version: ['2016-07-06']
    status: {code: 200, message: OK}
- request:
    body: null
    headers:
      Accept: ['*/*']
      Accept-Encoding: ['gzip, deflate']
      Connection: [keep-alive]
      User-Agent: [Stripe/v1 PythonBindings/1.80.0]
      X-Stripe-Client-User-Agent: ['{"lang": "python", "publisher": "stripe", "httplib":
          "requests", "uname": "Linux 82fb5178e632 4.4.0-119-generic #143-Ubuntu SMP
          Mon Apr 2 16:08:24 UTC 2018 x86_64 x86_64", "lang_version": "2.7.12", "platform":
          "Linux-4.4.0-119-generic-x86_64-with-Ubuntu-16.04-xenial", "bindings_version":
          "1.80.0"}']
    method: GET
    uri: https://api.stripe.com/v1/sources/src_1CMABFE60z0O0voXzYdJIiA5
  response:
    body: {string: !!python/unicode "{\n  \"id\": \"src_1CMABFE60z0O0voXzYdJIiA5\"\
        ,\n  \"object\": \"source\",\n  \"amount\": null,\n  \"card\": {\n    \"exp_year\"\
        : 2040,\n    \"exp_month\": 12,\n    \"brand\": \"Visa\",\n    \"card_automatically_updated\"\
        : false,\n    \"country\": \"US\",\n    \"cvc_check\": \"unchecked\",\n  \
        \  \"fingerprint\": \"ClxQOxt3gt3CzLGA\",\n    \"funding\": \"credit\",\n\
        \    \"last4\": \"0069\",\n    \"three_d_secure\": \"optional\",\n    \"address_line1_check\"\
        : null,\n    \"address_zip_check\": null,\n    \"tokenization_method\": null,\n\
        \    \"dynamic_last4\": null\n  },\n  \"client_secret\": \"src_client_secret_Clha0NUAwX7qG5IIqNGG98cE\"\
        ,\n  \"created\": 1524987765,\n  \"currency\": null,\n  \"flow\": \"none\"\
        ,\n  \"livemode\": false,\n  \"metadata\": {},\n  \"owner\": {\n    \"address\"\
        : null,\n    \"email\": null,\n    \"name\": null,\n    \"phone\": null,\n\
        \    \"verified_address\": null,\n    \"verified_email\": null,\n    \"verified_name\"\
        : null,\n    \"verified_phone\": null\n  },\n  \"statement_descriptor\": null,\n\
        \  \"status\": \"chargeable\",\n  \"type\": \"card\",\n  \"usage\": \"reusable\"\
        \n}\n"}
    headers:
      access-control-allow-credentials: ['true']
      access-control-allow-methods: ['GET, POST, HEAD, OPTIONS, DELETE']
      access-control-allow-origin: ['*']
      access-control-expose-headers: ['Request-Id, Stripe-Manage-Version, X-Stripe-External-Auth-Required,
          X-Stripe-Privileged-Session-Required']
      access-control-max-age: ['300']
      cache-control: ['no-cache, no-store']
      connection: [keep-alive]
      content-length: ['971']
      content-type: [application/json]
      date: ['Sun, 29 Apr 2018 07:42:47 GMT']
      request-id: [req_hBga8ZjhegP0aS]
      server: [nginx]
      strict-transport-security: [max-age=31556926; includeSubDomains; preload]
      stripe-version: ['2016-07-06']
    status: {code: 200, message: OK}
- request:
    body: !!python/unicode 'redirect%5Breturn_url%5D=https%3A%2F%2FIwillBeBack.vd&currency=USD&amount=294750&type=three_d_secure&three_d_secure%5Bcard%5D=src_1CMABFE60z0O0voXzYdJIiA5'
    headers:
      Accept: ['*/*']
      Accept-Encoding: ['gzip, deflate']
      Connection: [keep-alive]
      Content-Length: ['154']
      Content-Type: [application/x-www-form-urlencoded]
      User-Agent: [Stripe/v1 PythonBindings/1.80.0]
      X-Stripe-Client-User-Agent: ['{"lang": "python", "publisher": "stripe", "httplib":
          "requests", "uname": "Linux 82fb5178e632 4.4.0-119-generic #143-Ubuntu SMP
          Mon Apr 2 16:08:24 UTC 2018 x86_64 x86_64", "lang_version": "2.7.12", "platform":
          "Linux-4.4.0-119-generic-x86_64-with-Ubuntu-16.04-xenial", "bindings_version":
          "1.80.0"}']
    method: POST
    uri: https://api.stripe.com/v1/sources
  response:
    body: {string: !!python/unicode "{\n  \"id\": \"src_1CMABIE60z0O0voXvNqJnarA\"\
        ,\n  \"object\": \"source\",\n  \"amount\": 294750,\n  \"client_secret\":\
        \ \"src_client_secret_Clha0E0uBTaVNfbcqQGvOWA8\",\n  \"created\": 1524987768,\n\
        \  \"currency\": \"usd\",\n  \"flow\": \"redirect\",\n  \"livemode\": false,\n\
        \  \"metadata\": {},\n  \"owner\": {\n    \"address\": null,\n    \"email\"\
        : null,\n    \"name\": null,\n    \"phone\": null,\n    \"verified_address\"\
        : null,\n    \"verified_email\": null,\n    \"verified_name\": null,\n   \
        \ \"verified_phone\": null\n  },\n  \"redirect\": {\n    \"failure_reason\"\
        : null,\n    \"return_url\": \"https://IwillBeBack.vd\",\n    \"status\":\
        \ \"succeeded\",\n    \"url\": \"https://hooks.stripe.com/redirect/authenticate/src_1CMABIE60z0O0voXvNqJnarA?client_secret=src_client_secret_Clha0E0uBTaVNfbcqQGvOWA8\"\
        \n  },\n  \"statement_descriptor\": null,\n  \"status\": \"chargeable\",\n\
        \  \"three_d_secure\": {\n    \"card\": \"src_1CMABFE60z0O0voXzYdJIiA5\",\n\
        \    \"customer\": null,\n    \"authenticated\": false\n  },\n  \"type\":\
        \ \"three_d_secure\",\n  \"usage\": \"single_use\"\n}\n"}
    headers:
      access-control-allow-credentials: ['true']
      access-control-allow-methods: ['GET, POST, HEAD, OPTIONS, DELETE']
      access-control-allow-origin: ['*']
      access-control-expose-headers: ['Request-Id, Stripe-Manage-Version, X-Stripe-External-Auth-Required,
          X-Stripe-Privileged-Session-Required']
      access-control-max-age: ['300']
      cache-control: ['no-cache, no-store']
      connection: [keep-alive]
      content-length: ['961']
      content-type: [application/json]
      date: ['Sun, 29 Apr 2018 07:42:48 GMT']
      request-id: [req_R850rbLcVqd35T]
      server: [nginx]
      strict-transport-security: [max-age=31556926; includeSubDomains; preload]
      stripe-version: ['2016-07-06']
    status: {code: 200, message: OK}
- request:
    body: !!python/unicode 'currency=USD&capture=True&amount=294750&description=SO002%7Cdeltapc%40yourcompany.example.com%7C149&source=src_1CMABFE60z0O0voXzYdJIiA5'
    headers:
      Accept: ['*/*']
      Accept-Encoding: ['gzip, deflate']
      Connection: [keep-alive]
      Content-Length: ['135']
      Content-Type: [application/x-www-form-urlencoded]
      User-Agent: [Stripe/v1 PythonBindings/1.80.0]
      X-Stripe-Client-User-Agent: ['{"lang": "python", "publisher": "stripe", "httplib":
          "requests", "uname": "Linux 82fb5178e632 4.4.0-119-generic #143-Ubuntu SMP
          Mon Apr 2 16:08:24 UTC 2018 x86_64 x86_64", "lang_version": "2.7.12", "platform":
          "Linux-4.4.0-119-generic-x86_64-with-Ubuntu-16.04-xenial", "bindings_version":
          "1.80.0"}']
    method: POST
    uri: https://api.stripe.com/v1/charges
  response:
    body: {string: !!python/unicode "{\n  \"error\": {\n    \"charge\": \"ch_1CMABJE60z0O0voXPOelo3bw\"\
        ,\n    \"code\": \"expired_card\",\n    \"doc_url\": \"https://stripe.com/docs/error-codes/expired-card\"\
        ,\n    \"message\": \"Your card has expired.\",\n    \"param\": \"exp_month\"\
        ,\n    \"type\": \"card_error\"\n  }\n}\n"}
    headers:
      access-control-allow-credentials: ['true']
      access-control-allow-methods: ['GET, POST, HEAD, OPTIONS, DELETE']
      access-control-allow-origin: ['*']
      access-control-expose-headers: ['Request-Id, Stripe-Manage-Version, X-Stripe-External-Auth-Required,
          X-Stripe-Privileged-Session-Required']
      access-control-max-age: ['300']
      cache-control: ['no-cache, no-store']
      connection: [keep-alive]
      content-length: ['253']
      content-type: [application/json]
      date: ['Sun, 29 Apr 2018 07:42:50 GMT']
      request-id: [req_qaCseHKVzmy9jH]
      server: [nginx]
      stripe-version: ['2016-07-06']
    status: {code: 402, message: Payment Required}
- request:
    body: !!python/unicode 'type=card&card%5Bnumber%5D=4000000000000069&card%5Bexp_year%5D=2040&card%5Bcvc%5D=123&card%5Bexp_month%5D=12'
    headers:
      Accept: ['*/*']
      Accept-Encoding: ['gzip, deflate']
      Connection: [keep-alive]
      Content-Length: ['108']
      Content-Type: [application/x-www-form-urlencoded]
      User-Agent: [Stripe/v1 PythonBindings/1.80.0]
      X-Stripe-Client-User-Agent: ['{"lang": "python", "publisher": "stripe", "httplib":
          "requests", "uname": "Linux 82fb5178e632 4.4.0-119-generic #143-Ubuntu SMP
          Mon Apr 2 16:08:24 UTC 2018 x86_64 x86_64", "lang_version": "2.7.12", "platform":
          "Linux-4.4.0-119-generic-x86_64-with-Ubuntu-16.04-xenial", "bindings_version":
          "1.80.0"}']
    method: POST
    uri: https://api.stripe.com/v1/sources
  response:
    body: {string: !!python/unicode "{\n  \"id\": \"src_1CMZRzE60z0O0voX6VX1F81w\"\
        ,\n  \"object\": \"source\",\n  \"amount\": null,\n  \"card\": {\n    \"exp_year\"\
        : 2040,\n    \"exp_month\": 12,\n    \"brand\": \"Visa\",\n    \"card_automatically_updated\"\
        : false,\n    \"country\": \"US\",\n    \"cvc_check\": \"unchecked\",\n  \
        \  \"fingerprint\": \"ClxQOxt3gt3CzLGA\",\n    \"funding\": \"credit\",\n\
        \    \"last4\": \"0069\",\n    \"three_d_secure\": \"optional\",\n    \"address_line1_check\"\
        : null,\n    \"address_zip_check\": null,\n    \"tokenization_method\": null,\n\
        \    \"dynamic_last4\": null\n  },\n  \"client_secret\": \"src_client_secret_Cm7hsOO19l1gNf7gZzhI2RMW\"\
        ,\n  \"created\": 1525084903,\n  \"currency\": null,\n  \"flow\": \"none\"\
        ,\n  \"livemode\": false,\n  \"metadata\": {},\n  \"owner\": {\n    \"address\"\
        : null,\n    \"email\": null,\n    \"name\": null,\n    \"phone\": null,\n\
        \    \"verified_address\": null,\n    \"verified_email\": null,\n    \"verified_name\"\
        : null,\n    \"verified_phone\": null\n  },\n  \"statement_descriptor\": null,\n\
        \  \"status\": \"chargeable\",\n  \"type\": \"card\",\n  \"usage\": \"reusable\"\
        \n}\n"}
    headers:
      access-control-allow-credentials: ['true']
      access-control-allow-methods: ['GET, POST, HEAD, OPTIONS, DELETE']
      access-control-allow-origin: ['*']
      access-control-expose-headers: ['Request-Id, Stripe-Manage-Version, X-Stripe-External-Auth-Required,
          X-Stripe-Privileged-Session-Required']
      access-control-max-age: ['300']
      cache-control: ['no-cache, no-store']
      connection: [keep-alive]
      content-length: ['971']
      content-type: [application/json]
      date: ['Mon, 30 Apr 2018 10:41:44 GMT']
      request-id: [req_9EM2t1c5drSfg3]
      server: [nginx]
      strict-transport-security: [max-age=31556926; includeSubDomains; preload]
      stripe-version: ['2016-07-06']
    status: {code: 200, message: OK}
- request:
    body: null
    headers:
      Accept: ['*/*']
      Accept-Encoding: ['gzip, deflate']
      Connection: [keep-alive]
      User-Agent: [Stripe/v1 PythonBindings/1.80.0]
      X-Stripe-Client-User-Agent: ['{"lang": "python", "publisher": "stripe", "httplib":
          "requests", "uname": "Linux 82fb5178e632 4.4.0-119-generic #143-Ubuntu SMP
          Mon Apr 2 16:08:24 UTC 2018 x86_64 x86_64", "lang_version": "2.7.12", "platform":
          "Linux-4.4.0-119-generic-x86_64-with-Ubuntu-16.04-xenial", "bindings_version":
          "1.80.0"}']
    method: GET
    uri: https://api.stripe.com/v1/sources/src_1CMZRzE60z0O0voX6VX1F81w
  response:
    body: {string: !!python/unicode "{\n  \"id\": \"src_1CMZRzE60z0O0voX6VX1F81w\"\
        ,\n  \"object\": \"source\",\n  \"amount\": null,\n  \"card\": {\n    \"exp_year\"\
        : 2040,\n    \"exp_month\": 12,\n    \"brand\": \"Visa\",\n    \"card_automatically_updated\"\
        : false,\n    \"country\": \"US\",\n    \"cvc_check\": \"unchecked\",\n  \
        \  \"fingerprint\": \"ClxQOxt3gt3CzLGA\",\n    \"funding\": \"credit\",\n\
        \    \"last4\": \"0069\",\n    \"three_d_secure\": \"optional\",\n    \"address_line1_check\"\
        : null,\n    \"address_zip_check\": null,\n    \"tokenization_method\": null,\n\
        \    \"dynamic_last4\": null\n  },\n  \"client_secret\": \"src_client_secret_Cm7hsOO19l1gNf7gZzhI2RMW\"\
        ,\n  \"created\": 1525084903,\n  \"currency\": null,\n  \"flow\": \"none\"\
        ,\n  \"livemode\": false,\n  \"metadata\": {},\n  \"owner\": {\n    \"address\"\
        : null,\n    \"email\": null,\n    \"name\": null,\n    \"phone\": null,\n\
        \    \"verified_address\": null,\n    \"verified_email\": null,\n    \"verified_name\"\
        : null,\n    \"verified_phone\": null\n  },\n  \"statement_descriptor\": null,\n\
        \  \"status\": \"chargeable\",\n  \"type\": \"card\",\n  \"usage\": \"reusable\"\
        \n}\n"}
    headers:
      access-control-allow-credentials: ['true']
      access-control-allow-methods: ['GET, POST, HEAD, OPTIONS, DELETE']
      access-control-allow-origin: ['*']
      access-control-expose-headers: ['Request-Id, Stripe-Manage-Version, X-Stripe-External-Auth-Required,
          X-Stripe-Privileged-Session-Required']
      access-control-max-age: ['300']
      cache-control: ['no-cache, no-store']
      connection: [keep-alive]
      content-length: ['971']
      content-type: [application/json]
      date: ['Mon, 30 Apr 2018 10:41:45 GMT']
      request-id: [req_xC5JpSleelyIZq]
      server: [nginx]
      strict-transport-security: [max-age=31556926; includeSubDomains; preload]
      stripe-version: ['2016-07-06']
    status: {code: 200, message: OK}
- request:
    body: !!python/unicode 'redirect%5Breturn_url%5D=https%3A%2F%2FIwillBeBack.vd&currency=USD&amount=294750&type=three_d_secure&three_d_secure%5Bcard%5D=src_1CMZRzE60z0O0voX6VX1F81w'
    headers:
      Accept: ['*/*']
      Accept-Encoding: ['gzip, deflate']
      Connection: [keep-alive]
      Content-Length: ['154']
      Content-Type: [application/x-www-form-urlencoded]
      User-Agent: [Stripe/v1 PythonBindings/1.80.0]
      X-Stripe-Client-User-Agent: ['{"lang": "python", "publisher": "stripe", "httplib":
          "requests", "uname": "Linux 82fb5178e632 4.4.0-119-generic #143-Ubuntu SMP
          Mon Apr 2 16:08:24 UTC 2018 x86_64 x86_64", "lang_version": "2.7.12", "platform":
          "Linux-4.4.0-119-generic-x86_64-with-Ubuntu-16.04-xenial", "bindings_version":
          "1.80.0"}']
    method: POST
    uri: https://api.stripe.com/v1/sources
  response:
    body: {string: !!python/unicode "{\n  \"id\": \"src_1CMZS2E60z0O0voXRfymiZLI\"\
        ,\n  \"object\": \"source\",\n  \"amount\": 294750,\n  \"client_secret\":\
        \ \"src_client_secret_Cm7hpUjiVhaukfD4NBY0lWEI\",\n  \"created\": 1525084906,\n\
        \  \"currency\": \"usd\",\n  \"flow\": \"redirect\",\n  \"livemode\": false,\n\
        \  \"metadata\": {},\n  \"owner\": {\n    \"address\": null,\n    \"email\"\
        : null,\n    \"name\": null,\n    \"phone\": null,\n    \"verified_address\"\
        : null,\n    \"verified_email\": null,\n    \"verified_name\": null,\n   \
        \ \"verified_phone\": null\n  },\n  \"redirect\": {\n    \"failure_reason\"\
        : null,\n    \"return_url\": \"https://IwillBeBack.vd\",\n    \"status\":\
        \ \"succeeded\",\n    \"url\": \"https://hooks.stripe.com/redirect/authenticate/src_1CMZS2E60z0O0voXRfymiZLI?client_secret=src_client_secret_Cm7hpUjiVhaukfD4NBY0lWEI\"\
        \n  },\n  \"statement_descriptor\": null,\n  \"status\": \"chargeable\",\n\
        \  \"three_d_secure\": {\n    \"card\": \"src_1CMZRzE60z0O0voX6VX1F81w\",\n\
        \    \"customer\": null,\n    \"authenticated\": false\n  },\n  \"type\":\
        \ \"three_d_secure\",\n  \"usage\": \"single_use\"\n}\n"}
    headers:
      access-control-allow-credentials: ['true']
      access-control-allow-methods: ['GET, POST, HEAD, OPTIONS, DELETE']
      access-control-allow-origin: ['*']
      access-control-expose-headers: ['Request-Id, Stripe-Manage-Version, X-Stripe-External-Auth-Required,
          X-Stripe-Privileged-Session-Required']
      access-control-max-age: ['300']
      cache-control: ['no-cache, no-store']
      connection: [keep-alive]
      content-length: ['961']
      content-type: [application/json]
      date: ['Mon, 30 Apr 2018 10:41:48 GMT']
      request-id: [req_Q9VzV3pcIH4ldF]
      server: [nginx]
      strict-transport-security: [max-age=31556926; includeSubDomains; preload]
      stripe-version: ['2016-07-06']
    status: {code: 200, message: OK}
- request:
    body: !!python/unicode 'currency=USD&capture=True&amount=294750&description=SO002%7Cdeltapc%40yourcompany.example.com%7C209&source=src_1CMZRzE60z0O0voX6VX1F81w'
    headers:
      Accept: ['*/*']
      Accept-Encoding: ['gzip, deflate']
      Connection: [keep-alive]
      Content-Length: ['135']
      Content-Type: [application/x-www-form-urlencoded]
      User-Agent: [Stripe/v1 PythonBindings/1.80.0]
      X-Stripe-Client-User-Agent: ['{"lang": "python", "publisher": "stripe", "httplib":
          "requests", "uname": "Linux 82fb5178e632 4.4.0-119-generic #143-Ubuntu SMP
          Mon Apr 2 16:08:24 UTC 2018 x86_64 x86_64", "lang_version": "2.7.12", "platform":
          "Linux-4.4.0-119-generic-x86_64-with-Ubuntu-16.04-xenial", "bindings_version":
          "1.80.0"}']
    method: POST
    uri: https://api.stripe.com/v1/charges
  response:
    body: {string: !!python/unicode "{\n  \"error\": {\n    \"charge\": \"ch_1CMZS5E60z0O0voXXa0QgSP1\"\
        ,\n    \"code\": \"expired_card\",\n    \"doc_url\": \"https://stripe.com/docs/error-codes/expired-card\"\
        ,\n    \"message\": \"Your card has expired.\",\n    \"param\": \"exp_month\"\
        ,\n    \"type\": \"card_error\"\n  }\n}\n"}
    headers:
      access-control-allow-credentials: ['true']
      access-control-allow-methods: ['GET, POST, HEAD, OPTIONS, DELETE']
      access-control-allow-origin: ['*']
      access-control-expose-headers: ['Request-Id, Stripe-Manage-Version, X-Stripe-External-Auth-Required,
          X-Stripe-Privileged-Session-Required']
      access-control-max-age: ['300']
      cache-control: ['no-cache, no-store']
      connection: [keep-alive]
      content-length: ['253']
      content-type: [application/json]
      date: ['Mon, 30 Apr 2018 10:41:49 GMT']
      request-id: [req_BcvuS8avOYMNIK]
      server: [nginx]
      stripe-version: ['2016-07-06']
    status: {code: 402, message: Payment Required}
- request:
    body: !!python/unicode 'type=card&card%5Bnumber%5D=4000000000000069&card%5Bexp_year%5D=2040&card%5Bcvc%5D=123&card%5Bexp_month%5D=12'
    headers:
      Accept: ['*/*']
      Accept-Encoding: ['gzip, deflate']
      Connection: [keep-alive]
      Content-Length: ['108']
      Content-Type: [application/x-www-form-urlencoded]
      User-Agent: [Stripe/v1 PythonBindings/1.80.0]
      X-Stripe-Client-User-Agent: ['{"lang": "python", "publisher": "stripe", "httplib":
          "requests", "uname": "Linux eefe42e1e1ac 4.4.0-121-generic #145-Ubuntu SMP
          Fri Apr 13 13:47:23 UTC 2018 x86_64 x86_64", "lang_version": "2.7.12", "platform":
          "Linux-4.4.0-121-generic-x86_64-with-Ubuntu-16.04-xenial", "bindings_version":
          "1.80.0"}']
    method: POST
    uri: https://api.stripe.com/v1/sources
  response:
    body: {string: !!python/unicode "{\n  \"id\": \"src_1CT7TmE60z0O0voXQeubdDFP\"\
        ,\n  \"object\": \"source\",\n  \"amount\": null,\n  \"card\": {\n    \"exp_year\"\
        : 2040,\n    \"exp_month\": 12,\n    \"brand\": \"Visa\",\n    \"card_automatically_updated\"\
        : false,\n    \"country\": \"US\",\n    \"cvc_check\": \"unchecked\",\n  \
        \  \"fingerprint\": \"ClxQOxt3gt3CzLGA\",\n    \"funding\": \"credit\",\n\
        \    \"last4\": \"0069\",\n    \"three_d_secure\": \"optional\",\n    \"address_line1_check\"\
        : null,\n    \"address_zip_check\": null,\n    \"tokenization_method\": null,\n\
        \    \"dynamic_last4\": null\n  },\n  \"client_secret\": \"src_client_secret_CstGsHRNSJn06xeF7kH4kMhF\"\
        ,\n  \"created\": 1526645678,\n  \"currency\": null,\n  \"flow\": \"none\"\
        ,\n  \"livemode\": false,\n  \"metadata\": {},\n  \"owner\": {\n    \"address\"\
        : null,\n    \"email\": null,\n    \"name\": null,\n    \"phone\": null,\n\
        \    \"verified_address\": null,\n    \"verified_email\": null,\n    \"verified_name\"\
        : null,\n    \"verified_phone\": null\n  },\n  \"statement_descriptor\": null,\n\
        \  \"status\": \"chargeable\",\n  \"type\": \"card\",\n  \"usage\": \"reusable\"\
        \n}\n"}
    headers:
      access-control-allow-credentials: ['true']
      access-control-allow-methods: ['GET, POST, HEAD, OPTIONS, DELETE']
      access-control-allow-origin: ['*']
      access-control-expose-headers: ['Request-Id, Stripe-Manage-Version, X-Stripe-External-Auth-Required,
          X-Stripe-Privileged-Session-Required']
      access-control-max-age: ['300']
      cache-control: ['no-cache, no-store']
      connection: [keep-alive]
      content-length: ['971']
      content-type: [application/json]
      date: ['Fri, 18 May 2018 12:14:38 GMT']
      request-id: [req_Fq0Cj7CDcjHdix]
      server: [nginx]
      strict-transport-security: [max-age=31556926; includeSubDomains; preload]
      stripe-version: ['2016-07-06']
    status: {code: 200, message: OK}
- request:
    body: null
    headers:
      Accept: ['*/*']
      Accept-Encoding: ['gzip, deflate']
      Connection: [keep-alive]
      User-Agent: [Stripe/v1 PythonBindings/1.80.0]
      X-Stripe-Client-User-Agent: ['{"lang": "python", "publisher": "stripe", "httplib":
          "requests", "uname": "Linux eefe42e1e1ac 4.4.0-121-generic #145-Ubuntu SMP
          Fri Apr 13 13:47:23 UTC 2018 x86_64 x86_64", "lang_version": "2.7.12", "platform":
          "Linux-4.4.0-121-generic-x86_64-with-Ubuntu-16.04-xenial", "bindings_version":
          "1.80.0"}']
    method: GET
    uri: https://api.stripe.com/v1/sources/src_1CT7TmE60z0O0voXQeubdDFP
  response:
    body: {string: !!python/unicode "{\n  \"id\": \"src_1CT7TmE60z0O0voXQeubdDFP\"\
        ,\n  \"object\": \"source\",\n  \"amount\": null,\n  \"card\": {\n    \"exp_year\"\
        : 2040,\n    \"exp_month\": 12,\n    \"brand\": \"Visa\",\n    \"card_automatically_updated\"\
        : false,\n    \"country\": \"US\",\n    \"cvc_check\": \"unchecked\",\n  \
        \  \"fingerprint\": \"ClxQOxt3gt3CzLGA\",\n    \"funding\": \"credit\",\n\
        \    \"last4\": \"0069\",\n    \"three_d_secure\": \"optional\",\n    \"address_line1_check\"\
        : null,\n    \"address_zip_check\": null,\n    \"tokenization_method\": null,\n\
        \    \"dynamic_last4\": null\n  },\n  \"client_secret\": \"src_client_secret_CstGsHRNSJn06xeF7kH4kMhF\"\
        ,\n  \"created\": 1526645678,\n  \"currency\": null,\n  \"flow\": \"none\"\
        ,\n  \"livemode\": false,\n  \"metadata\": {},\n  \"owner\": {\n    \"address\"\
        : null,\n    \"email\": null,\n    \"name\": null,\n    \"phone\": null,\n\
        \    \"verified_address\": null,\n    \"verified_email\": null,\n    \"verified_name\"\
        : null,\n    \"verified_phone\": null\n  },\n  \"statement_descriptor\": null,\n\
        \  \"status\": \"chargeable\",\n  \"type\": \"card\",\n  \"usage\": \"reusable\"\
        \n}\n"}
    headers:
      access-control-allow-credentials: ['true']
      access-control-allow-methods: ['GET, POST, HEAD, OPTIONS, DELETE']
      access-control-allow-origin: ['*']
      access-control-expose-headers: ['Request-Id, Stripe-Manage-Version, X-Stripe-External-Auth-Required,
          X-Stripe-Privileged-Session-Required']
      access-control-max-age: ['300']
      cache-control: ['no-cache, no-store']
      connection: [keep-alive]
      content-length: ['971']
      content-type: [application/json]
      date: ['Fri, 18 May 2018 12:14:39 GMT']
      request-id: [req_0gstRctewOmjml]
      server: [nginx]
      strict-transport-security: [max-age=31556926; includeSubDomains; preload]
      stripe-version: ['2016-07-06']
    status: {code: 200, message: OK}
- request:
    body: !!python/unicode 'redirect%5Breturn_url%5D=https%3A%2F%2FIwillBeBack.vd&currency=USD&amount=294750&type=three_d_secure&three_d_secure%5Bcard%5D=src_1CT7TmE60z0O0voXQeubdDFP'
    headers:
      Accept: ['*/*']
      Accept-Encoding: ['gzip, deflate']
      Connection: [keep-alive]
      Content-Length: ['154']
      Content-Type: [application/x-www-form-urlencoded]
      User-Agent: [Stripe/v1 PythonBindings/1.80.0]
      X-Stripe-Client-User-Agent: ['{"lang": "python", "publisher": "stripe", "httplib":
          "requests", "uname": "Linux eefe42e1e1ac 4.4.0-121-generic #145-Ubuntu SMP
          Fri Apr 13 13:47:23 UTC 2018 x86_64 x86_64", "lang_version": "2.7.12", "platform":
          "Linux-4.4.0-121-generic-x86_64-with-Ubuntu-16.04-xenial", "bindings_version":
          "1.80.0"}']
    method: POST
    uri: https://api.stripe.com/v1/sources
  response:
    body: {string: !!python/unicode "{\n  \"id\": \"src_1CT7ToE60z0O0voXex2IXeE1\"\
        ,\n  \"object\": \"source\",\n  \"amount\": 294750,\n  \"client_secret\":\
        \ \"src_client_secret_CstG71oZtLB2gq1r4AIoLzR7\",\n  \"created\": 1526645680,\n\
        \  \"currency\": \"usd\",\n  \"flow\": \"redirect\",\n  \"livemode\": false,\n\
        \  \"metadata\": {},\n  \"owner\": {\n    \"address\": {\n      \"city\":\
        \ null,\n      \"country\": null,\n      \"line1\": \"\",\n      \"line2\"\
        : null,\n      \"postal_code\": null,\n      \"state\": null\n    },\n   \
        \ \"email\": null,\n    \"name\": null,\n    \"phone\": null,\n    \"verified_address\"\
        : null,\n    \"verified_email\": null,\n    \"verified_name\": null,\n   \
        \ \"verified_phone\": null\n  },\n  \"redirect\": {\n    \"failure_reason\"\
        : null,\n    \"return_url\": \"https://IwillBeBack.vd\",\n    \"status\":\
        \ \"succeeded\",\n    \"url\": \"https://hooks.stripe.com/redirect/authenticate/src_1CT7ToE60z0O0voXex2IXeE1?client_secret=src_client_secret_CstG71oZtLB2gq1r4AIoLzR7\"\
        \n  },\n  \"statement_descriptor\": null,\n  \"status\": \"chargeable\",\n\
        \  \"three_d_secure\": {\n    \"card\": \"src_1CT7TmE60z0O0voXQeubdDFP\",\n\
        \    \"customer\": null,\n    \"authenticated\": false\n  },\n  \"type\":\
        \ \"three_d_secure\",\n  \"usage\": \"single_use\"\n}\n"}
    headers:
      access-control-allow-credentials: ['true']
      access-control-allow-methods: ['GET, POST, HEAD, OPTIONS, DELETE']
      access-control-allow-origin: ['*']
      access-control-expose-headers: ['Request-Id, Stripe-Manage-Version, X-Stripe-External-Auth-Required,
          X-Stripe-Privileged-Session-Required']
      access-control-max-age: ['300']
      cache-control: ['no-cache, no-store']
      connection: [keep-alive]
      content-length: ['1094']
      content-type: [application/json]
      date: ['Fri, 18 May 2018 12:14:40 GMT']
      request-id: [req_N77NC7oBjyq2J5]
      server: [nginx]
      strict-transport-security: [max-age=31556926; includeSubDomains; preload]
      stripe-version: ['2016-07-06']
    status: {code: 200, message: OK}
- request:
    body: !!python/unicode 'currency=USD&capture=True&amount=294750&description=SO002%7Cdeltapc%40yourcompany.example.com%7C281&source=src_1CT7TmE60z0O0voXQeubdDFP'
    headers:
      Accept: ['*/*']
      Accept-Encoding: ['gzip, deflate']
      Connection: [keep-alive]
      Content-Length: ['135']
      Content-Type: [application/x-www-form-urlencoded]
      User-Agent: [Stripe/v1 PythonBindings/1.80.0]
      X-Stripe-Client-User-Agent: ['{"lang": "python", "publisher": "stripe", "httplib":
          "requests", "uname": "Linux eefe42e1e1ac 4.4.0-121-generic #145-Ubuntu SMP
          Fri Apr 13 13:47:23 UTC 2018 x86_64 x86_64", "lang_version": "2.7.12", "platform":
          "Linux-4.4.0-121-generic-x86_64-with-Ubuntu-16.04-xenial", "bindings_version":
          "1.80.0"}']
    method: POST
    uri: https://api.stripe.com/v1/charges
  response:
    body: {string: !!python/unicode "{\n  \"error\": {\n    \"charge\": \"ch_1CT7TpE60z0O0voXsL8aZwqs\"\
        ,\n    \"code\": \"expired_card\",\n    \"doc_url\": \"https://stripe.com/docs/error-codes/expired-card\"\
        ,\n    \"message\": \"Your card has expired.\",\n    \"param\": \"exp_month\"\
        ,\n    \"type\": \"card_error\"\n  }\n}\n"}
    headers:
      access-control-allow-credentials: ['true']
      access-control-allow-methods: ['GET, POST, HEAD, OPTIONS, DELETE']
      access-control-allow-origin: ['*']
      access-control-expose-headers: ['Request-Id, Stripe-Manage-Version, X-Stripe-External-Auth-Required,
          X-Stripe-Privileged-Session-Required']
      access-control-max-age: ['300']
      cache-control: ['no-cache, no-store']
      connection: [keep-alive]
      content-length: ['253']
      content-type: [application/json]
      date: ['Fri, 18 May 2018 12:14:42 GMT']
      request-id: [req_7SGzjrNkvasp8h]
      server: [nginx]
      stripe-version: ['2016-07-06']
    status: {code: 402, message: Payment Required}
version: 1
